{
  "UID": "cccccccc-cccc-4ccc-8ccc-cccccccccccc",
  "CommitteeUID": "66666666-6666-4666-8666-666666666666",
  "CommitteeName": "Technical Steering Committee",
  "CommitteeCategory": "Technical",
  "Username": "member-cccccccc",
  "Email": "member@example.test",
  "FirstName": "Pat",
  "LastName": "Member",
  "JobTitle": "Engineer",
  "LinkedinProfile": null,
  "Role": {
    "Name": "None",
    "StartDate": "2026-01-01",
    "EndDate": null
  },
  "AppointedBy": "Community",
  "Status": "Active",
  "Voting": {
    "Status": "Voting Rep",
    "StartDate": "2026-01-01",
    "EndDate": null
  },
  "Organization": {
    "ID": "org-1",
    "Name": "Example Org",
    "Website": "https://example.test"
  },
  "CreatedAt": "2026-01-01T00:00:00Z",
  "UpdatedAt": "2026-01-01T00:00:00Z"
}