{
  "resources": [
    {
      "Type": "v1_past_meeting_participant",
      "ID": "p",
      "Data": {
        "avatar_url": "https://avatars.example.test/p.png",
        "committee_uid": "9f0c2e6a-6b1e-4c3e-9d1a-0c1b2a3d4e5f",
        "email": "participant@example.test",
        "first_name": "Par",
        "host": true,
        "is_attended": true,
        "is_invited": true,
        "job_title": "Engineer",
        "last_name": "T",
        "meeting_and_occurrence_id": "77777777777-1771596000000",
        "meeting_id": "77777777777",
        "org_name": "Example Org",
        "project_uid": "a0941000002wBz4AAE",
        "sessions": [
          {
            "join_time": "2026-06-10T15:02:11Z",
            "uid": "s1"
          }
        ],
        "uid": "p",
        "username": "",
        "zoom_user_name": "Par T"
      }
    }
  ],
  "people": 1,
  "records": 1
}